node.exe : npm warn Unknown env config "devdir". This will stop working in the next major version of npm. See `npm 
help npmrc` for supported config options.
In riga:1 car:1
+ & "C:\Program Files\nodejs/node.exe" "C:\Program Files\nodejs/node_mo ...
+ ~~~~~~~~~~~~~~~~~~~~~~~~~~~~~~~~~~~~~~~~~~~~~~~~~~~~~~~~~~~~~~~~~~~~~
    + CategoryInfo          : NotSpecified: (npm warn Unknow...config options.:String) [], RemoteException
    + FullyQualifiedErrorId : NativeCommandError
 

> creatorforge@1.0.0 build
> next build

  Ôû▓ Next.js 14.2.35
  - Environments: .env.local

   Creating an optimized production build ...
<w> [webpack.cache.PackFileCacheStrategy/webpack.FileSystemInfo] Parsing of 
C:\Users\eliam\creatorforge\node_modules\next-intl\dist\esm\production\extractor\format\index.js for build 
dependencies failed at 'import(t)'.
<w> Build dependencies behind this expression are ignored and might cause incorrect cache invalidation.
<w> [webpack.cache.PackFileCacheStrategy/webpack.FileSystemInfo] Parsing of 
C:\Users\eliam\creatorforge\node_modules\next-intl\dist\esm\production\extractor\format\index.js for build 
dependencies failed at 'import(t)'.
<w> Build dependencies behind this expression are ignored and might cause incorrect cache invalidation.
<w> [webpack.cache.PackFileCacheStrategy] Serializing big strings (106kiB) impacts deserialization performance 
(consider using Buffer instead and decode when needed)
<w> [webpack.cache.PackFileCacheStrategy] Serializing big strings (250kiB) impacts deserialization performance 
(consider using Buffer instead and decode when needed)
<w> [webpack.cache.PackFileCacheStrategy/webpack.FileSystemInfo] Parsing of 
C:\Users\eliam\creatorforge\node_modules\next-intl\dist\esm\production\extractor\format\index.js for build 
dependencies failed at 'import(t)'.
<w> Build dependencies behind this expression are ignored and might cause incorrect cache invalidation.
 ÔÜá Compiled with warnings

./node_modules/@supabase/supabase-js/dist/index.mjs
A Node.js API is used (process.version at line: 27) which is not supported in the Edge Runtime.
Learn more: https://nextjs.org/docs/api-reference/edge-runtime

Import trace for requested module:
./node_modules/@supabase/supabase-js/dist/index.mjs
./node_modules/@supabase/ssr/dist/module/createBrowserClient.js
./node_modules/@supabase/ssr/dist/module/index.js
./lib/supabase/middleware.ts

   Linting and checking validity of types ...
   Collecting page data ...
   Generating static pages (0/158) ...
   Generating static pages (39/158) 
   Generating static pages (78/158) 
   Generating static pages (118/158) 
 Ô£ô Generating static pages (158/158)
   Finalizing page optimization ...
   Collecting build traces ...

Route (app)                              Size     First Load JS
Ôöî ãÆ /                                    185 B          87.6 kB
Ôö£ Ôùï /_not-found                          185 B          87.6 kB
Ôö£ ÔùÅ /[locale]                            49.4 kB         176 kB
Ôö£   Ôö£ /en
Ôö£   Ôö£ /it
Ôö£   Ôö£ /es
Ôö£   Ôöö [+6 more paths]
Ôö£ ÔùÅ /[locale]/ai-assistant               33.1 kB         161 kB
Ôö£   Ôö£ /en/ai-assistant
Ôö£   Ôö£ /it/ai-assistant
Ôö£   Ôö£ /es/ai-assistant
Ôö£   Ôöö [+6 more paths]
Ôö£ ãÆ /[locale]/auth/callback              0 B                0 B
Ôö£ ÔùÅ /[locale]/blog                       185 B          87.6 kB
Ôö£   Ôö£ /en/blog
Ôö£   Ôö£ /it/blog
Ôö£   Ôö£ /es/blog
Ôö£   Ôöö [+6 more paths]
Ôö£ ÔùÅ /[locale]/calendar                   30.7 kB         153 kB
Ôö£   Ôö£ /en/calendar
Ôö£   Ôö£ /it/calendar
Ôö£   Ôö£ /es/calendar
Ôö£   Ôöö [+6 more paths]
Ôö£ ÔùÅ /[locale]/comments                   6.66 kB         125 kB
Ôö£   Ôö£ /en/comments
Ôö£   Ôö£ /it/comments
Ôö£   Ôö£ /es/comments
Ôö£   Ôöö [+6 more paths]
Ôö£ ÔùÅ /[locale]/competitors                8.92 kB         133 kB
Ôö£   Ôö£ /en/competitors
Ôö£   Ôö£ /it/competitors
Ôö£   Ôö£ /es/competitors
Ôö£   Ôöö [+6 more paths]
Ôö£ ÔùÅ /[locale]/dashboard                  10.1 kB         134 kB
Ôö£   Ôö£ /en/dashboard
Ôö£   Ôö£ /it/dashboard
Ôö£   Ôö£ /es/dashboard
Ôö£   Ôöö [+6 more paths]
Ôö£ ÔùÅ /[locale]/ideas                      9.32 kB         140 kB
Ôö£   Ôö£ /en/ideas
Ôö£   Ôö£ /it/ideas
Ôö£   Ôö£ /es/ideas
Ôö£   Ôöö [+6 more paths]
Ôö£ ÔùÅ /[locale]/login                      3.52 kB         113 kB
Ôö£   Ôö£ /en/login
Ôö£   Ôö£ /it/login
Ôö£   Ôö£ /es/login
Ôö£   Ôöö [+6 more paths]
Ôö£ ÔùÅ /[locale]/onboarding                 9.4 kB          133 kB
Ôö£   Ôö£ /en/onboarding
Ôö£   Ôö£ /it/onboarding
Ôö£   Ôö£ /es/onboarding
Ôö£   Ôöö [+6 more paths]
Ôö£ ÔùÅ /[locale]/privacy                    185 B          87.6 kB
Ôö£   Ôö£ /en/privacy
Ôö£   Ôö£ /it/privacy
Ôö£   Ôö£ /es/privacy
Ôö£   Ôöö [+6 more paths]
Ôö£ ÔùÅ /[locale]/seo-lab                    4.32 kB         133 kB
Ôö£   Ôö£ /en/seo-lab
Ôö£   Ôö£ /it/seo-lab
Ôö£   Ôö£ /es/seo-lab
Ôö£   Ôöö [+6 more paths]
Ôö£ ÔùÅ /[locale]/settings                   2.72 kB         111 kB
Ôö£   Ôö£ /en/settings
Ôö£   Ôö£ /it/settings
Ôö£   Ôö£ /es/settings
Ôö£   Ôöö [+6 more paths]
Ôö£ ÔùÅ /[locale]/settings/emails            2.59 kB         112 kB
Ôö£   Ôö£ /en/settings/emails
Ôö£   Ôö£ /it/settings/emails
Ôö£   Ôö£ /es/settings/emails
Ôö£   Ôöö [+6 more paths]
Ôö£ ÔùÅ /[locale]/terms                      185 B          87.6 kB
Ôö£   Ôö£ /en/terms
Ôö£   Ôö£ /it/terms
Ôö£   Ôö£ /es/terms
Ôö£   Ôöö [+6 more paths]
Ôö£ ÔùÅ /[locale]/thumbnail                  24.5 kB         142 kB
Ôö£   Ôö£ /en/thumbnail
Ôö£   Ôö£ /it/thumbnail
Ôö£   Ôö£ /es/thumbnail
Ôö£   Ôöö [+6 more paths]
Ôö£ ÔùÅ /[locale]/workflow                   8.18 kB         139 kB
Ôö£   Ôö£ /en/workflow
Ôö£   Ôö£ /it/workflow
Ôö£   Ôö£ /es/workflow
Ôö£   Ôöö [+6 more paths]
Ôö£ ãÆ /api/cron/emails                     0 B                0 B
Ôöö ãÆ /auth/callback                       0 B                0 B
+ First Load JS shared by all            87.4 kB
  Ôö£ chunks/2117-116593a125ea4d10.js      31.7 kB
  Ôö£ chunks/fd9d1056-89cc3b9b0f4b8be9.js  53.6 kB
  Ôöö other shared chunks (total)          1.99 kB


ãÆ Middleware                             94.8 kB

Ôùï  (Static)   prerendered as static content
ÔùÅ  (SSG)      prerendered as static HTML (uses getStaticProps)
ãÆ  (Dynamic)  server-rendered on demand

